<?xml version="1.0" encoding="UTF-8"?>
<testsuites name="jest tests" tests="1" failures="0" errors="0" time="1.106">
  <testsuite name="getCompiledRoutes" errors="0" failures="0" skipped="0" timestamp="2025-03-06T16:51:19" time="1.06" tests="1">
    <testcase classname="getCompiledRoutes should compile routes correctly" name="getCompiledRoutes should compile routes correctly" time="0.001">
    </testcase>
  </testsuite>
</testsuites>